Copyright 1986-2022 Xilinx, Inc. All Rights Reserved. Copyright 2022-2026 Advanced Micro Devices, Inc. All Rights Reserved.
---------------------------------------------------------------------------------------------------------------------------------------------
| Tool Version : Vivado v.2025.2.1 (lin64) Build 6403652 Thu Mar 19 13:47:00 MDT 2026
| Date         : Wed Jun 17 05:39:07 2026
| Host         : tony-A3009CD10002 running 64-bit Ubuntu 24.04.4 LTS
| Command      : report_control_sets -verbose -file fpga_control_sets_placed.rpt
| Design       : fpga
| Device       : xc7a35t
---------------------------------------------------------------------------------------------------------------------------------------------

Control Set Information

Table of Contents
-----------------
1. Summary
2. Histogram
3. Flip-Flop Distribution
4. Detailed Control Set Information

1. Summary
----------

+----------------------------------------------------------+-------+
|                          Status                          | Count |
+----------------------------------------------------------+-------+
| Total control sets                                       |   105 |
|    Minimum number of control sets                        |   105 |
|    Addition due to synthesis replication                 |     0 |
|    Addition due to physical synthesis replication        |     0 |
| Unused register locations in slices containing registers |   340 |
+----------------------------------------------------------+-------+
* Control sets can be merged at opt_design using control_set_merge or merge_equivalent_drivers
** Run report_qor_suggestions for automated merging and remapping suggestions


2. Histogram
------------

+--------------------+-------+
|       Fanout       | Count |
+--------------------+-------+
| Total control sets |   105 |
| >= 0 to < 4        |    33 |
| >= 4 to < 6        |     2 |
| >= 6 to < 8        |    69 |
| >= 8 to < 10       |     0 |
| >= 10 to < 12      |     0 |
| >= 12 to < 14      |     0 |
| >= 14 to < 16      |     0 |
| >= 16              |     1 |
+--------------------+-------+
* Control sets can be remapped at either synth_design or opt_design


3. Flip-Flop Distribution
-------------------------

+--------------+-----------------------+------------------------+-----------------+--------------+
| Clock Enable | Synchronous Set/Reset | Asynchronous Set/Reset | Total Registers | Total Slices |
+--------------+-----------------------+------------------------+-----------------+--------------+
| No           | No                    | No                     |               1 |            1 |
| No           | No                    | Yes                    |               0 |            0 |
| No           | Yes                   | No                     |              64 |           23 |
| Yes          | No                    | No                     |               5 |            2 |
| Yes          | No                    | Yes                    |               0 |            0 |
| Yes          | Yes                   | No                     |             454 |          157 |
+--------------+-----------------------+------------------------+-----------------+--------------+


4. Detailed Control Set Information
-----------------------------------

+----------------+-------------------------------+----------------------------+------------------+----------------+--------------+
|  Clock Signal  |         Enable Signal         |      Set/Reset Signal      | Slice Load Count | Bel Load Count | Bels / Slice |
+----------------+-------------------------------+----------------------------+------------------+----------------+--------------+
|  clk_IBUF_BUFG |                               |                            |                1 |              1 |         1.00 |
|  clk_IBUF_BUFG | shift_reg[10]                 | shift_rst_reg              |                2 |              2 |         1.00 |
|  clk_IBUF_BUFG | shift_reg[12]                 | shift_rst_reg              |                2 |              2 |         1.00 |
|  clk_IBUF_BUFG | shift_reg[11]                 | shift_rst_reg              |                2 |              2 |         1.00 |
|  clk_IBUF_BUFG | shift_reg[13]                 | shift_rst_reg              |                2 |              2 |         1.00 |
|  clk_IBUF_BUFG | shift_reg[14]                 | shift_rst_reg              |                2 |              2 |         1.00 |
|  clk_IBUF_BUFG | shift_reg[15]                 | shift_rst_reg              |                2 |              2 |         1.00 |
|  clk_IBUF_BUFG | shift_reg[16]                 | shift_rst_reg              |                2 |              2 |         1.00 |
|  clk_IBUF_BUFG | shift_reg[17]                 | shift_rst_reg              |                2 |              2 |         1.00 |
|  clk_IBUF_BUFG | shift_reg[18]                 | shift_rst_reg              |                2 |              2 |         1.00 |
|  clk_IBUF_BUFG | shift_reg[19]                 | shift_rst_reg              |                2 |              2 |         1.00 |
|  clk_IBUF_BUFG | shift_reg[20]                 | shift_rst_reg              |                2 |              2 |         1.00 |
|  clk_IBUF_BUFG | shift_reg[21]                 | shift_rst_reg              |                2 |              2 |         1.00 |
|  clk_IBUF_BUFG | shift_reg[22]                 | shift_rst_reg              |                2 |              2 |         1.00 |
|  clk_IBUF_BUFG | shift_reg[23]                 | shift_rst_reg              |                2 |              2 |         1.00 |
|  clk_IBUF_BUFG | shift_reg[24]                 | shift_rst_reg              |                2 |              2 |         1.00 |
|  clk_IBUF_BUFG | shift_reg[25]                 | shift_rst_reg              |                2 |              2 |         1.00 |
|  clk_IBUF_BUFG | shift_reg[26]                 | shift_rst_reg              |                2 |              2 |         1.00 |
|  clk_IBUF_BUFG | shift_reg[27]                 | shift_rst_reg              |                2 |              2 |         1.00 |
|  clk_IBUF_BUFG | shift_reg[28]                 | shift_rst_reg              |                2 |              2 |         1.00 |
|  clk_IBUF_BUFG | shift_reg[29]                 | shift_rst_reg              |                1 |              2 |         2.00 |
|  clk_IBUF_BUFG | shift_reg[30]                 | shift_rst_reg              |                2 |              2 |         1.00 |
|  clk_IBUF_BUFG | shift_reg[31]                 | shift_rst_reg              |                2 |              2 |         1.00 |
|  clk_IBUF_BUFG | shift_reg[7]                  | shift_rst_reg              |                2 |              2 |         1.00 |
|  clk_IBUF_BUFG | shift_reg[0]                  | shift_rst_reg              |                2 |              2 |         1.00 |
|  clk_IBUF_BUFG | shift_reg[1]                  | shift_rst_reg              |                2 |              2 |         1.00 |
|  clk_IBUF_BUFG | shift_reg[2]                  | shift_rst_reg              |                1 |              2 |         2.00 |
|  clk_IBUF_BUFG | shift_reg[3]                  | shift_rst_reg              |                1 |              2 |         2.00 |
|  clk_IBUF_BUFG | shift_reg[4]                  | shift_rst_reg              |                2 |              2 |         1.00 |
|  clk_IBUF_BUFG | shift_reg[5]                  | shift_rst_reg              |                2 |              2 |         1.00 |
|  clk_IBUF_BUFG | shift_reg[6]                  | shift_rst_reg              |                2 |              2 |         1.00 |
|  clk_IBUF_BUFG | shift_reg[8]                  | shift_rst_reg              |                2 |              2 |         1.00 |
|  clk_IBUF_BUFG | shift_reg[9]                  | shift_rst_reg              |                2 |              2 |         1.00 |
|  clk_IBUF_BUFG |                               | shift_reg[31]_i_1_n_0      |                1 |              4 |         4.00 |
|  clk_IBUF_BUFG | shift_count_reg[5]_i_1_n_0    |                            |                2 |              5 |         2.50 |
|  clk_IBUF_BUFG | pin_PF1_uart_inst/ptr_reg[0]  | shift_rst_reg              |                1 |              6 |         6.00 |
|  clk_IBUF_BUFG | pin_PE16_uart_inst/ptr_reg[0] | shift_rst_reg              |                1 |              6 |         6.00 |
|  clk_IBUF_BUFG | pin_PE14_uart_inst/ptr_reg[0] | shift_rst_reg              |                1 |              6 |         6.00 |
|  clk_IBUF_BUFG | pin_PD15_uart_inst/ptr_reg[0] | shift_rst_reg              |                2 |              6 |         3.00 |
|  clk_IBUF_BUFG | pin_PD16_uart_inst/ptr_reg[0] | shift_rst_reg              |                2 |              6 |         3.00 |
|  clk_IBUF_BUFG | pin_PC15_uart_inst/ptr_reg[0] | shift_rst_reg              |                2 |              6 |         3.00 |
|  clk_IBUF_BUFG | pin_PC13_uart_inst/ptr_reg[0] | shift_rst_reg              |                1 |              6 |         6.00 |
|  clk_IBUF_BUFG | pin_PF18_uart_inst/ptr_reg[0] | shift_rst_reg              |                1 |              6 |         6.00 |
|  clk_IBUF_BUFG | pin_PF16_uart_inst/ptr_reg[0] | shift_rst_reg              |                2 |              6 |         3.00 |
|  clk_IBUF_BUFG | pin_PF15_uart_inst/ptr_reg[0] | shift_rst_reg              |                3 |              6 |         2.00 |
|  clk_IBUF_BUFG | pin_PF3_uart_inst/ptr_reg[0]  | shift_rst_reg              |                1 |              6 |         6.00 |
|  clk_IBUF_BUFG | pin_PF14_uart_inst/ptr_reg[0] | shift_rst_reg              |                1 |              6 |         6.00 |
|  clk_IBUF_BUFG | pin_PB1_uart_inst/ptr_reg[0]  | shift_rst_reg              |                1 |              6 |         6.00 |
|  clk_IBUF_BUFG | pin_PB2_uart_inst/ptr_reg[0]  | shift_rst_reg              |                1 |              6 |         6.00 |
|  clk_IBUF_BUFG | pin_PB17_uart_inst/ptr_reg[0] | shift_rst_reg              |                1 |              6 |         6.00 |
|  clk_IBUF_BUFG | pin_PB15_uart_inst/ptr_reg[0] | shift_rst_reg              |                1 |              6 |         6.00 |
|  clk_IBUF_BUFG | pin_PE17_uart_inst/ptr_reg[0] | shift_rst_reg              |                1 |              6 |         6.00 |
|  clk_IBUF_BUFG | pin_PD22_uart_inst/ptr_reg[0] | shift_rst_reg              |                1 |              6 |         6.00 |
|  clk_IBUF_BUFG | pin_PA19_uart_inst/ptr_reg[0] | shift_rst_reg              |                1 |              6 |         6.00 |
|  clk_IBUF_BUFG | pin_PF21_uart_inst/ptr_reg[0] | shift_rst_reg              |                1 |              6 |         6.00 |
|  clk_IBUF_BUFG | pin_PG1_uart_inst/ptr_reg[0]  | shift_rst_reg              |                1 |              6 |         6.00 |
|  clk_IBUF_BUFG | pin_PG2_uart_inst/ptr_reg[0]  | shift_rst_reg              |                2 |              6 |         3.00 |
|  clk_IBUF_BUFG | pin_PC14_uart_inst/ptr_reg[0] | shift_rst_reg              |                2 |              6 |         3.00 |
|  clk_IBUF_BUFG | pin_PB13_uart_inst/ptr_reg[0] | shift_rst_reg              |                1 |              6 |         6.00 |
|  clk_IBUF_BUFG | pin_PB16_uart_inst/ptr_reg[0] | shift_rst_reg              |                2 |              6 |         3.00 |
|  clk_IBUF_BUFG | pin_PA14_uart_inst/ptr_reg[0] | shift_rst_reg              |                2 |              6 |         3.00 |
|  clk_IBUF_BUFG | pin_PF13_uart_inst/ptr_reg[0] | shift_rst_reg              |                2 |              6 |         3.00 |
|  clk_IBUF_BUFG | pin_PC18_uart_inst/ptr_reg[0] | shift_rst_reg              |                2 |              6 |         3.00 |
|  clk_IBUF_BUFG | pin_PF4_uart_inst/ptr_reg[0]  | shift_rst_reg              |                2 |              6 |         3.00 |
|  clk_IBUF_BUFG | pin_PD14_uart_inst/ptr_reg[0] | shift_rst_reg              |                1 |              6 |         6.00 |
|  clk_IBUF_BUFG | pin_PD2_uart_inst/ptr_reg[0]  | shift_rst_reg              |                2 |              6 |         3.00 |
|  clk_IBUF_BUFG | pin_PD1_uart_inst/ptr_reg[0]  | shift_rst_reg              |                1 |              6 |         6.00 |
|  clk_IBUF_BUFG | pin_PC22_uart_inst/ptr_reg[0] | shift_rst_reg              |                1 |              6 |         6.00 |
|  clk_IBUF_BUFG | pin_PC20_uart_inst/ptr_reg[0] | shift_rst_reg              |                2 |              6 |         3.00 |
|  clk_IBUF_BUFG | pin_PC19_uart_inst/ptr_reg[0] | shift_rst_reg              |                1 |              6 |         6.00 |
|  clk_IBUF_BUFG | pin_PA18_uart_inst/ptr_reg[0] | shift_rst_reg              |                1 |              6 |         6.00 |
|  clk_IBUF_BUFG | pin_PE2_uart_inst/ptr_reg[0]  | shift_rst_reg              |                2 |              6 |         3.00 |
|  clk_IBUF_BUFG | pin_PA15_uart_inst/ptr_reg[0] | shift_rst_reg              |                2 |              6 |         3.00 |
|  clk_IBUF_BUFG | pin_PD21_uart_inst/ptr_reg[0] | shift_rst_reg              |                2 |              6 |         3.00 |
|  clk_IBUF_BUFG | pin_PD20_uart_inst/ptr_reg[0] | shift_rst_reg              |                2 |              6 |         3.00 |
|  clk_IBUF_BUFG | pin_PA13_uart_inst/ptr_reg[0] | shift_rst_reg              |                1 |              6 |         6.00 |
|  clk_IBUF_BUFG | prescale_reg[0]_i_1_n_0       | shift_count_reg[5]_i_1_n_0 |                2 |              6 |         3.00 |
|  clk_IBUF_BUFG | pin_PB18_uart_inst/ptr_reg[0] | shift_rst_reg              |                1 |              6 |         6.00 |
|  clk_IBUF_BUFG | pin_PA20_uart_inst/ptr_reg[0] | shift_rst_reg              |                1 |              6 |         6.00 |
|  clk_IBUF_BUFG | pin_PG3_uart_inst/ptr_reg[0]  | shift_rst_reg              |                2 |              6 |         3.00 |
|  clk_IBUF_BUFG | pin_PE13_uart_inst/ptr_reg[0] | shift_rst_reg              |                2 |              6 |         3.00 |
|  clk_IBUF_BUFG | pin_PE19_uart_inst/ptr_reg[0] | shift_rst_reg              |                2 |              6 |         3.00 |
|  clk_IBUF_BUFG | pin_PE22_uart_inst/ptr_reg[0] | shift_rst_reg              |                1 |              6 |         6.00 |
|  clk_IBUF_BUFG | pin_PA1_uart_inst/ptr_reg[0]  | shift_rst_reg              |                1 |              6 |         6.00 |
|  clk_IBUF_BUFG | pin_PC17_uart_inst/ptr_reg[0] | shift_rst_reg              |                2 |              6 |         3.00 |
|  clk_IBUF_BUFG | pin_PB21_uart_inst/ptr_reg[0] | shift_rst_reg              |                1 |              6 |         6.00 |
|  clk_IBUF_BUFG | pin_PE1_uart_inst/ptr_reg[0]  | shift_rst_reg              |                1 |              6 |         6.00 |
|  clk_IBUF_BUFG | pin_PD19_uart_inst/ptr_reg[0] | shift_rst_reg              |                1 |              6 |         6.00 |
|  clk_IBUF_BUFG | pin_PA16_uart_inst/ptr_reg[0] | shift_rst_reg              |                1 |              6 |         6.00 |
|  clk_IBUF_BUFG | pin_PC2_uart_inst/ptr_reg[0]  | shift_rst_reg              |                1 |              6 |         6.00 |
|  clk_IBUF_BUFG | pin_PE18_uart_inst/ptr_reg[0] | shift_rst_reg              |                2 |              6 |         3.00 |
|  clk_IBUF_BUFG | pin_PE21_uart_inst/ptr_reg[0] | shift_rst_reg              |                2 |              6 |         3.00 |
|  clk_IBUF_BUFG | pin_PA21_uart_inst/ptr_reg[0] | shift_rst_reg              |                2 |              6 |         3.00 |
|  clk_IBUF_BUFG | pin_PG13_uart_inst/ptr_reg[0] | shift_rst_reg              |                2 |              6 |         3.00 |
|  clk_IBUF_BUFG | pin_PG4_uart_inst/ptr_reg[0]  | shift_rst_reg              |                1 |              6 |         6.00 |
|  clk_IBUF_BUFG | pin_PF19_uart_inst/ptr_reg[0] | shift_rst_reg              |                2 |              6 |         3.00 |
|  clk_IBUF_BUFG | pin_PF20_uart_inst/ptr_reg[0] | shift_rst_reg              |                2 |              6 |         3.00 |
|  clk_IBUF_BUFG | pin_PD17_uart_inst/ptr_reg[0] | shift_rst_reg              |                1 |              6 |         6.00 |
|  clk_IBUF_BUFG | pin_PB22_uart_inst/ptr_reg[0] | shift_rst_reg              |                2 |              6 |         3.00 |
|  clk_IBUF_BUFG | pin_PB20_uart_inst/ptr_reg[0] | shift_rst_reg              |                1 |              6 |         6.00 |
|  clk_IBUF_BUFG |                               | shift_reg[30]_i_1_n_0      |                3 |              7 |         2.33 |
|  clk_IBUF_BUFG |                               | shift_reg[28]_i_1_n_0      |                4 |              7 |         1.75 |
|  clk_IBUF_BUFG |                               | shift_reg[14]_i_1_n_0      |                3 |              7 |         2.33 |
|  clk_IBUF_BUFG |                               | shift_reg[12]_i_1_n_0      |                4 |              7 |         1.75 |
|  clk_IBUF_BUFG |                               | prescale_reg[0]_i_1_n_0    |                8 |             32 |         4.00 |
+----------------+-------------------------------+----------------------------+------------------+----------------+--------------+


