#-----------------------------------------------------------
# Vivado v2025.2.1 (64-bit)
# SW Build 6403652 on Thu Mar 19 13:47:00 MDT 2026
# IP Build 6403511 on Thu Mar 19 12:41:45 MDT 2026
# SharedData Build 6403650 on Thu Mar 19 14:02:13 MDT 2026
# Start of session at: Wed Jun 17 05:36:12 2026
# Process ID         : 186864
# Current directory  : /media/tony/backup/pin-uart/vivado/targets/xilinx/my_artix_board/fpga.runs/synth_1
# Command line       : vivado -log fpga.vds -product Vivado -mode batch -messageDb vivado.pb -notrace -source fpga.tcl
# Log file           : /media/tony/backup/pin-uart/vivado/targets/xilinx/my_artix_board/fpga.runs/synth_1/fpga.vds
# Journal file       : /media/tony/backup/pin-uart/vivado/targets/xilinx/my_artix_board/fpga.runs/synth_1/vivado.jou
# Running On         : tony-A3009CD10002
# Platform           : Ubuntu
# Operating System   : Ubuntu 24.04.4 LTS
# Processor Detail   : Intel(R) Core(TM) i7-4810MQ CPU @ 2.80GHz
# CPU Frequency      : 2793.691 MHz
# CPU Physical cores : 4
# CPU Logical cores  : 8
# Host memory        : 7723 MB
# Swap memory        : 999 MB
# Total Virtual      : 8723 MB
# Available Virtual  : 3758 MB
#-----------------------------------------------------------
source fpga.tcl -notrace
